// Jest Snapshot v1, https://goo.gl/fbAQLP

exports[`[ButtonGroup] renders without crashing 1`] = `
<View
  style={
    [
      {
        "borderColor": "#000000",
      },
      {
        "alignItems": "center",
        "alignSelf": "stretch",
        "backgroundColor": "transparent",
        "flexDirection": "row",
        "justifyContent": "center",
        "marginTop": 24,
        "minHeight": 40,
      },
      undefined,
    ]
  }
>
  <View
    accessible={true}
    collapsable={false}
    focusable={true}
    onClick={[Function]}
    onResponderGrant={[Function]}
    onResponderMove={[Function]}
    onResponderRelease={[Function]}
    onResponderTerminate={[Function]}
    onResponderTerminationRequest={[Function]}
    onStartShouldSetResponder={[Function]}
    style={
      {
        "flex": 1,
        "opacity": 1,
      }
    }
  >
    <View
      style={
        {
          "alignItems": "center",
          "alignSelf": "stretch",
          "backgroundColor": "#000000",
          "borderBottomLeftRadius": 0,
          "borderBottomRightRadius": undefined,
          "borderBottomWidth": 1,
          "borderColor": "#000000",
          "borderLeftWidth": 1,
          "borderRightWidth": 1,
          "borderTopLeftRadius": 0,
          "borderTopRightRadius": undefined,
          "borderTopWidth": 1,
          "justifyContent": "center",
          "minHeight": 40,
        }
      }
      testID="CHILD_0"
    >
      <Text
        style={
          [
            {
              "alignSelf": "center",
              "fontSize": 14,
              "textAlign": "center",
            },
            {
              "color": "#FFFFFF",
            },
          ]
        }
      >
        option 1
      </Text>
    </View>
  </View>
  <View
    accessible={true}
    collapsable={false}
    focusable={true}
    onClick={[Function]}
    onResponderGrant={[Function]}
    onResponderMove={[Function]}
    onResponderRelease={[Function]}
    onResponderTerminate={[Function]}
    onResponderTerminationRequest={[Function]}
    onStartShouldSetResponder={[Function]}
    style={
      {
        "flex": 1,
        "opacity": 1,
      }
    }
  >
    <View
      style={
        {
          "alignItems": "center",
          "alignSelf": "stretch",
          "borderBottomLeftRadius": undefined,
          "borderBottomRightRadius": 0,
          "borderBottomWidth": 1,
          "borderColor": "#000000",
          "borderLeftWidth": undefined,
          "borderRightWidth": 1,
          "borderTopLeftRadius": undefined,
          "borderTopRightRadius": 0,
          "borderTopWidth": 1,
          "justifyContent": "center",
          "minHeight": 40,
        }
      }
      testID="CHILD_1"
    >
      <Text
        style={
          [
            {
              "alignSelf": "center",
              "fontSize": 14,
              "textAlign": "center",
            },
            {
              "color": "#000000",
            },
          ]
        }
      >
        option 2
      </Text>
    </View>
  </View>
</View>
`;
